[1/80] motion-boost/after-effects/01-conhecendo-o-after-effects/01-bem-vindo-ao-módulo-de-after-efffects.mp4
  [--] skipped (exists; use --overwrite)
[2/80] motion-boost/after-effects/01-conhecendo-o-after-effects/02-instalando-o-ae.mp4
  [--] skipped (exists; use --overwrite)
[3/80] motion-boost/after-effects/01-conhecendo-o-after-effects/03-conhecendo-o-software.mp4
  [--] skipped (exists; use --overwrite)
[4/80] motion-boost/after-effects/01-conhecendo-o-after-effects/04-criando-uma-composição.mp4
  [--] skipped (exists; use --overwrite)
[5/80] motion-boost/after-effects/01-conhecendo-o-after-effects/05-instalando-alguns-plugins.mp4
  [--] skipped (exists; use --overwrite)
[6/80] motion-boost/after-effects/01-conhecendo-o-after-effects/06-organizando-o-nosso-workspace.mp4
  [--] skipped (exists; use --overwrite)
[7/80] motion-boost/after-effects/02-sua-primeira-animacao-no-after-effects/01-desenhando-formas-e-linhas.mp4
  [--] skipped (exists; use --overwrite)
[8/80] motion-boost/after-effects/02-sua-primeira-animacao-no-after-effects/02-conhecendo-o-painel-de-propriedades-e-layers.mp4
  [--] skipped (exists; use --overwrite)
[9/80] motion-boost/after-effects/02-sua-primeira-animacao-no-after-effects/03-registrando-seus-primeiros-keyframes.mp4
  [--] skipped (exists; use --overwrite)
[10/80] motion-boost/after-effects/02-sua-primeira-animacao-no-after-effects/04-aprendendo-a-usar-o-editor-gráfico.mp4
  [--] skipped (exists; use --overwrite)
[11/80] motion-boost/after-effects/02-sua-primeira-animacao-no-after-effects/05-fazendo-um-bouncing-ball.mp4
  [--] skipped (exists; use --overwrite)
[12/80] motion-boost/after-effects/02-sua-primeira-animacao-no-after-effects/06-adicionando-elasticidade-ao-bouncing-ball.mp4
  [--] skipped (exists; use --overwrite)
[13/80] motion-boost/after-effects/02-sua-primeira-animacao-no-after-effects/07-renderizando-a-sua-animação.mp4
  [--] skipped (exists; use --overwrite)
[14/80] motion-boost/after-effects/03-animando-com-typrewriter-e-3d/01-apresentação-do-case.mp4
  [--] skipped (exists; use --overwrite)
[15/80] motion-boost/after-effects/03-animando-com-typrewriter-e-3d/02-instalando-o-plugin-aeux.mp4
  [--] skipped (exists; use --overwrite)
[16/80] motion-boost/after-effects/03-animando-com-typrewriter-e-3d/03-do-figma-para-o-after-effects.mp4
  [--] skipped (exists; use --overwrite)
[17/80] motion-boost/after-effects/03-animando-com-typrewriter-e-3d/04-fazendo-o-typewriter.mp4
  [--] skipped (exists; use --overwrite)
[18/80] motion-boost/after-effects/03-animando-com-typrewriter-e-3d/05-movimentando-o-cursor.mp4
  [--] skipped (exists; use --overwrite)
[19/80] motion-boost/after-effects/03-animando-com-typrewriter-e-3d/06-animando-o-botão-3d.mp4
  [--] skipped (exists; use --overwrite)
[20/80] motion-boost/after-effects/03-animando-com-typrewriter-e-3d/07-adicionando-os-cliques.mp4
  [--] skipped (exists; use --overwrite)
[21/80] motion-boost/after-effects/03-animando-com-typrewriter-e-3d/08-finalizando-com-o-background.mp4
  [--] skipped (exists; use --overwrite)
[22/80] motion-boost/after-effects/04-animando-cards-para-web/01-conhecendo-o-projeto.mp4
  [--] skipped (exists; use --overwrite)
[23/80] motion-boost/after-effects/04-animando-cards-para-web/02-como-alterar-a-cor-do-seu-after-effects.mp4
  [--] skipped (exists; use --overwrite)
[24/80] motion-boost/after-effects/04-animando-cards-para-web/03-onde-pegar-referências-de-animações.mp4
  [--] skipped (exists; use --overwrite)
[25/80] motion-boost/after-effects/04-animando-cards-para-web/04-exportando-para-o-ae-e-organizando-o-file-card-01.mp4
  [--] skipped (exists; use --overwrite)
[26/80] motion-boost/after-effects/04-animando-cards-para-web/05-ajustando-alguns-elementos-para-o-motion-card-01.mp4
  [ok] done -> 05-ajustando-alguns-elementos-para-o-motion-card-01.transcript.txt
[27/80] motion-boost/after-effects/04-animando-cards-para-web/06-animando-os-textos-card-01.mp4
  [ok] done -> 06-animando-os-textos-card-01.transcript.txt
[28/80] motion-boost/after-effects/04-animando-cards-para-web/07-animando-barra-de-progresso-card-01.mp4
  [ok] done -> 07-animando-barra-de-progresso-card-01.transcript.txt
[29/80] motion-boost/after-effects/04-animando-cards-para-web/08-adicionando-o-3d-card-01.mp4
  [ok] done -> 08-adicionando-o-3d-card-01.transcript.txt
[30/80] motion-boost/after-effects/04-animando-cards-para-web/09-finalizando-o-primeiro-card-com-looping-card-01.mp4
  [ok] done -> 09-finalizando-o-primeiro-card-com-looping-card-01.transcript.txt
[31/80] motion-boost/after-effects/04-animando-cards-para-web/10-exportando-para-o-ae-e-organizando-o-file-card-02.mp4
  [ok] done -> 10-exportando-para-o-ae-e-organizando-o-file-card-02.transcript.txt
[32/80] motion-boost/after-effects/04-animando-cards-para-web/11-animando-o-typewriter-card-02.mp4
  [ok] done -> 11-animando-o-typewriter-card-02.transcript.txt
[33/80] motion-boost/after-effects/04-animando-cards-para-web/12-animando-o-loading-no-input-card-02.mp4
  [ok] done -> 12-animando-o-loading-no-input-card-02.transcript.txt
[34/80] motion-boost/after-effects/04-animando-cards-para-web/13-adicionando-os-ghost-texts-card-02.mp4
  [ok] done -> 13-adicionando-os-ghost-texts-card-02.transcript.txt
[35/80] motion-boost/after-effects/04-animando-cards-para-web/14-desenhando-a-assinatura-card-02.mp4
  [ok] done -> 14-desenhando-a-assinatura-card-02.transcript.txt
[36/80] motion-boost/after-effects/04-animando-cards-para-web/15-finalizando-o-segundo-card-com-looping-card-02.mp4
  [ok] done -> 15-finalizando-o-segundo-card-com-looping-card-02.transcript.txt
[37/80] motion-boost/after-effects/04-animando-cards-para-web/16-renderizando-e-convertendo-as-nossas-animações.mp4
  [ok] done -> 16-renderizando-e-convertendo-as-nossas-animações.transcript.txt
[38/80] motion-boost/after-effects/04-animando-cards-para-web/17-fazendo-o-handoff-de-um-vídeo-webm.mp4
  [ok] done -> 17-fazendo-o-handoff-de-um-vídeo-webm.transcript.txt
[39/80] motion-boost/after-effects/05-animando-com-lottie-para-site/01-apresentacao-do-projeto-e-lottiefiles.mp4
  [ok] done -> 01-apresentacao-do-projeto-e-lottiefiles.transcript.txt
[40/80] motion-boost/after-effects/05-animando-com-lottie-para-site/02-exportando-para-o-after-effects.mp4
  [ok] done -> 02-exportando-para-o-after-effects.transcript.txt
[41/80] motion-boost/after-effects/05-animando-com-lottie-para-site/03-organizando-o-projeto-1.mp4
  [ok] done -> 03-organizando-o-projeto-1.transcript.txt
[42/80] motion-boost/after-effects/05-animando-com-lottie-para-site/04-organizando-o-projeto-2.mp4
  [ok] done -> 04-organizando-o-projeto-2.transcript.txt
[43/80] motion-boost/after-effects/05-animando-com-lottie-para-site/05-animando-a-seta-de-download.mp4
  [ok] done -> 05-animando-a-seta-de-download.transcript.txt
[44/80] motion-boost/after-effects/05-animando-com-lottie-para-site/06-animando-os-leds.mp4
  [ok] done -> 06-animando-os-leds.transcript.txt
[45/80] motion-boost/after-effects/05-animando-com-lottie-para-site/07-animando-as-barras.mp4
  [ok] done -> 07-animando-as-barras.transcript.txt
[46/80] motion-boost/after-effects/05-animando-com-lottie-para-site/08-polindo-alguns-elementos-da-animacao.mp4
  [ok] done -> 08-polindo-alguns-elementos-da-animacao.transcript.txt
[47/80] motion-boost/after-effects/05-animando-com-lottie-para-site/09-animando-o-switch-e-adicionando-o-looping.mp4
  [ok] done -> 09-animando-o-switch-e-adicionando-o-looping.transcript.txt
[48/80] motion-boost/after-effects/05-animando-com-lottie-para-site/10-fazendo-a-plataforma-flutuar-manualmente-e-com-expressoes.mp4
  [ok] done -> 10-fazendo-a-plataforma-flutuar-manualmente-e-com-expressoes.transcript.txt
[49/80] motion-boost/after-effects/05-animando-com-lottie-para-site/11-finalizando-a-animacao.mp4
  [ok] done -> 11-finalizando-a-animacao.transcript.txt
[50/80] motion-boost/after-effects/05-animando-com-lottie-para-site/12-instalando-o-lottiefiles.mp4
  [ok] done -> 12-instalando-o-lottiefiles.transcript.txt
[51/80] motion-boost/after-effects/05-animando-com-lottie-para-site/13-exportando-para-o-lottiefiles.mp4
  [ok] done -> 13-exportando-para-o-lottiefiles.transcript.txt
[52/80] motion-boost/after-effects/06-fazendo-um-video-de-lancamento-de-site/01-apresentacao-do-case.mp4
  [ok] done -> 01-apresentacao-do-case.transcript.txt
[53/80] motion-boost/after-effects/06-fazendo-um-video-de-lancamento-de-site/02-escolhendo-a-musica.mp4
  [ok] done -> 02-escolhendo-a-musica.transcript.txt
[54/80] motion-boost/after-effects/06-fazendo-um-video-de-lancamento-de-site/03-desenhando-o-storyboard.mp4
  [ok] done -> 03-desenhando-o-storyboard.transcript.txt
[55/80] motion-boost/after-effects/06-fazendo-um-video-de-lancamento-de-site/04-animando-a-frase-inicial.mp4
  [ok] done -> 04-animando-a-frase-inicial.transcript.txt
[56/80] motion-boost/after-effects/06-fazendo-um-video-de-lancamento-de-site/05-apresentando-o-site.mp4
  [!!] error ERROR: The read operation timed out
[57/80] motion-boost/after-effects/06-fazendo-um-video-de-lancamento-de-site/06-animando-a-frase-final-renderizacao.mp4
  [ok] done -> 06-animando-a-frase-final-renderizacao.transcript.txt
[58/80] motion-boost/conceito-e-teoria/01-comece-por-aqui/01-seja-bem-vindo-ao-motion-boost.mp4
  [ok] done -> 01-seja-bem-vindo-ao-motion-boost.transcript.txt
[59/80] motion-boost/conceito-e-teoria/01-comece-por-aqui/02-como-vai-funcionar-o-curso.mp4
  [ok] done -> 02-como-vai-funcionar-o-curso.transcript.txt
[60/80] motion-boost/conceito-e-teoria/01-comece-por-aqui/03-acessando-o-rive-e-figma.mp4
  [ok] done -> 03-acessando-o-rive-e-figma.transcript.txt
[61/80] motion-boost/conceito-e-teoria/02-teoria-do-motion-design/01-o-que-é-motion-design.mp4
  [ok] done -> 01-o-que-é-motion-design.transcript.txt
[62/80] motion-boost/conceito-e-teoria/02-teoria-do-motion-design/02-o-papel-do-ux-motion-design.mp4
  [ok] done -> 02-o-papel-do-ux-motion-design.transcript.txt
[63/80] motion-boost/conceito-e-teoria/02-teoria-do-motion-design/03-keyframes.mp4
  [ok] done -> 03-keyframes.transcript.txt
[64/80] motion-boost/rive/01-conhecendo-o-rive/01-navegação-básica.mp4
  [ok] done -> 01-navegação-básica.transcript.txt
[65/80] motion-boost/rive/01-conhecendo-o-rive/02-easing-na-prática.mp4
  [ok] done -> 02-easing-na-prática.transcript.txt
[66/80] motion-boost/rive/01-conhecendo-o-rive/03-como-funciona-o-state-machine.mp4
  [ok] done -> 03-como-funciona-o-state-machine.transcript.txt
[67/80] motion-boost/rive/02-animando-o-app-da-twitch/01-conhecendo-o-projeto.mp4
  [ok] done -> 01-conhecendo-o-projeto.transcript.txt
[68/80] motion-boost/rive/02-animando-o-app-da-twitch/02-animando-os-ícones.mp4
  ! warning: transcription finish_reason=MAX_TOKENS (output may be truncated)
  [ok] done -> 02-animando-os-ícones.transcript.txt
[69/80] motion-boost/rive/02-animando-o-app-da-twitch/03-animando-o-logo-da-twitch.mp4
  [ok] done -> 03-animando-o-logo-da-twitch.transcript.txt
[70/80] motion-boost/rive/02-animando-o-app-da-twitch/04-exportando-para-o-figma.mp4
  [ok] done -> 04-exportando-para-o-figma.transcript.txt
[71/80] motion-boost/rive/03-animando-um-site-estatico/01-conhecendo-o-projeto.mp4
  [ok] done -> 01-conhecendo-o-projeto.transcript.txt
[72/80] motion-boost/rive/03-animando-um-site-estatico/02-animando-o-radar.mp4
  [ok] done -> 02-animando-o-radar.transcript.txt
[73/80] motion-boost/rive/03-animando-um-site-estatico/03-adicionando-interação-com-direção.mp4
  [ok] done -> 03-adicionando-interação-com-direção.transcript.txt
[74/80] motion-boost/rive/03-animando-um-site-estatico/04-animando-os-ícones.mp4
  [ok] done -> 04-animando-os-ícones.transcript.txt
[75/80] motion-boost/rive/03-animando-um-site-estatico/05-exportando-para-o-figma.mp4
  [ok] done -> 05-exportando-para-o-figma.transcript.txt
[76/80] motion-boost/rive/04-animando-cards-para-o-hyperboost/01-apresentacao-do-case.mp4
  [ok] done -> 01-apresentacao-do-case.transcript.txt
[77/80] motion-boost/rive/04-animando-cards-para-o-hyperboost/02-animando-o-card-do-globo.mp4
  ! warning: transcription finish_reason=MAX_TOKENS (output may be truncated)
  [ok] done -> 02-animando-o-card-do-globo.transcript.txt
[78/80] motion-boost/rive/04-animando-cards-para-o-hyperboost/03-animando-o-card-do-cursor-1-2.mp4
  ! warning: transcription finish_reason=MAX_TOKENS (output may be truncated)
  [ok] done -> 03-animando-o-card-do-cursor-1-2.transcript.txt
[79/80] motion-boost/rive/04-animando-cards-para-o-hyperboost/04-animando-o-card-do-cursor-2-2.mp4
  [ok] done -> 04-animando-o-card-do-cursor-2-2.transcript.txt
[80/80] motion-boost/rive/04-animando-cards-para-o-hyperboost/05-exportando-para-o-programador.mp4
  [ok] done -> 05-exportando-para-o-programador.transcript.txt

Summary: 54 processed, 25 skipped, 0 dry-run, 1 errors (of 80).
EXIT_CODE=0
